// Jest Snapshot v1, https://goo.gl/fbAQLP

exports[`Tuning should render correctly 1`] = `
<div
  className="radiobuttons"
>
  <WithStyles(WithFormControlContext(ForwardRef(FormLabel)))
    className="parametertitle"
    component="legend"
  >
    Tuning
  </WithStyles(WithFormControlContext(ForwardRef(FormLabel)))>
  <ForwardRef(RadioGroup)
    aria-label="Tuning"
    className="radiogroup"
    name="tuning"
    onChange={[MockFunction]}
    value="just"
  >
    <WithStyles(WithFormControlContext(ForwardRef(FormControlLabel)))
      className="radiolabel"
      control={
        <ForwardRef(WithStyles)
          className="radio"
        />
      }
      label="just intonation"
      value="just"
    />
    <WithStyles(WithFormControlContext(ForwardRef(FormControlLabel)))
      className="radiolabel"
      control={
        <ForwardRef(WithStyles)
          className="radio"
        />
      }
      label="equal temperament"
      value="equal"
    />
  </ForwardRef(RadioGroup)>
</div>
`;
