// Jest Snapshot v1, https://goo.gl/fbAQLP

exports[`Synth should render correctly 1`] = `
<div
  className="synthDiv"
>
  <AudioAnalyser
    activeOscillators={Object {}}
    amp={
      GainNode {
        "gain": AudioGain {
          "value": 0.2,
        },
      }
    }
    audioContext={
      AudioContext {
        "destination": AudioDestinationNode {},
        "listener": AudioListener {},
      }
    }
  />
  <h2>
    Synth Parameters
  </h2>
  <div
    className="parameters"
  >
    <Tuning
      setTuning={[Function]}
      tuning="just"
    />
    <Waveform
      setWaveform={[Function]}
      waveform="sine"
    />
    <Envelope
      envelope={
        Object {
          "attack": 0.1,
          "decay": 0.01,
          "release": 0.1,
          "sustain": 1,
        }
      }
      setEnvelope={[Function]}
    />
  </div>
</div>
`;
