// Jest Snapshot v1, https://goo.gl/fbAQLP

exports[`Synth should render correctly 1`] = `
<div
  className="synthDiv"
>
  <AudioAnalyser
    activeOscillators={Object {}}
  />
  <h2>
    Synth Parameters
  </h2>
  <div
    className="parameters"
  >
    <Tuning
      setTuning={[Function]}
      tuning="just"
    />
    <Waveform
      setWaveform={[Function]}
      waveform="sine"
    />
    <Envelope />
  </div>
</div>
`;
