// Jest Snapshot v1, https://goo.gl/fbAQLP

exports[`Waveform should render correctly 1`] = `
<div
  className="radiobuttons"
>
  <WithStyles(WithFormControlContext(ForwardRef(FormLabel)))
    className="parametertitle"
    component="legend"
  >
    Waveform
  </WithStyles(WithFormControlContext(ForwardRef(FormLabel)))>
  <ForwardRef(RadioGroup)
    aria-label="Waveform"
    className="radiogroup"
    name="waveform"
    onChange={[MockFunction]}
    value="sine"
  >
    <WithStyles(WithFormControlContext(ForwardRef(FormControlLabel)))
      className="radiolabel"
      control={
        <ForwardRef(WithStyles)
          className="radio"
        />
      }
      label="sine"
      value="sine"
    />
    <WithStyles(WithFormControlContext(ForwardRef(FormControlLabel)))
      className="radiolabel"
      control={
        <ForwardRef(WithStyles)
          className="radio"
        />
      }
      label="square"
      value="square"
    />
    <WithStyles(WithFormControlContext(ForwardRef(FormControlLabel)))
      className="radiolabel"
      control={
        <ForwardRef(WithStyles)
          className="radio"
        />
      }
      label="sawtooth"
      value="sawtooth"
    />
    <WithStyles(WithFormControlContext(ForwardRef(FormControlLabel)))
      className="radiolabel"
      control={
        <ForwardRef(WithStyles)
          className="radio"
        />
      }
      label="triangle"
      value="triangle"
    />
  </ForwardRef(RadioGroup)>
</div>
`;
